[market] rollover → btc-updown-5m-1773151200
[market] rollover → btc-updown-5m-1773151500
[market] rollover → btc-updown-5m-1773151800
[market] rollover → btc-updown-5m-1773152100
[market] rollover → btc-updown-5m-1773152400
[market] rollover → btc-updown-5m-1773152700
[market] rollover → btc-updown-5m-1773153000
[market] rollover → btc-updown-5m-1773153300
[market] rollover → btc-updown-5m-1773153600
[market] rollover → btc-updown-5m-1773153900
[market] rollover → btc-updown-5m-1773154200
[market] rollover → btc-updown-5m-1773154500
[market] rollover → btc-updown-5m-1773154800
[market] rollover → btc-updown-5m-1773155100
[market] rollover → btc-updown-5m-1773155400
[market] rollover → btc-updown-5m-1773155700
[market] rollover → btc-updown-5m-1773156000
[market] rollover → btc-updown-5m-1773156300
[market] rollover → btc-updown-5m-1773156600
[market] rollover → btc-updown-5m-1773156900
[market] rollover → btc-updown-5m-1773157200
[market] rollover → btc-updown-5m-1773157500
[market] rollover → btc-updown-5m-1773157800
[market] rollover → btc-updown-5m-1773158100
[market] rollover → btc-updown-5m-1773158400
[market] rollover → btc-updown-5m-1773158700
[market] rollover → btc-updown-5m-1773159000
[market] rollover → btc-updown-5m-1773159300
[market] rollover → btc-updown-5m-1773159600
[market] rollover → btc-updown-5m-1773159900
[market] rollover → btc-updown-5m-1773160200
[market] rollover → btc-updown-5m-1773160500
[market] rollover → btc-updown-5m-1773160800
[market] rollover → btc-updown-5m-1773161100
[market] rollover → btc-updown-5m-1773161400
[market] rollover → btc-updown-5m-1773161700
[market] rollover → btc-updown-5m-1773162000
[market] rollover → btc-updown-5m-1773162300
[market] rollover → btc-updown-5m-1773162600
[market] rollover → btc-updown-5m-1773162900
[market] rollover → btc-updown-5m-1773163200
[market] rollover → btc-updown-5m-1773163500
[market] rollover → btc-updown-5m-1773163800
[market] rollover → btc-updown-5m-1773164100
[market] rollover → btc-updown-5m-1773164400
[market] rollover → btc-updown-5m-1773164700
[market] rollover → btc-updown-5m-1773165000
[market] rollover → btc-updown-5m-1773165300
[market] rollover → btc-updown-5m-1773165600
[market] rollover → btc-updown-5m-1773165900
[market] rollover → btc-updown-5m-1773166200
[market] rollover → btc-updown-5m-1773166500
[market] rollover → btc-updown-5m-1773166800
[market] rollover → btc-updown-5m-1773167100
[market] rollover → btc-updown-5m-1773167400
[market] rollover → btc-updown-5m-1773167700
[market] rollover → btc-updown-5m-1773168000
[market] rollover → btc-updown-5m-1773168300
[market] rollover → btc-updown-5m-1773168600
[market] rollover → btc-updown-5m-1773168900
[market] rollover → btc-updown-5m-1773169200
[market] rollover → btc-updown-5m-1773169500
[market] rollover → btc-updown-5m-1773169800
[market] rollover → btc-updown-5m-1773170100
[market] rollover → btc-updown-5m-1773170400
[market] rollover → btc-updown-5m-1773170700
[market] rollover → btc-updown-5m-1773171000
[market] rollover → btc-updown-5m-1773171300
[market] rollover → btc-updown-5m-1773171600
[market] rollover → btc-updown-5m-1773171900
[market] rollover → btc-updown-5m-1773172200
[market] rollover → btc-updown-5m-1773172500
[market] rollover → btc-updown-5m-1773172800
[market] rollover → btc-updown-5m-1773173100
[market] rollover → btc-updown-5m-1773173400
[market] rollover → btc-updown-5m-1773173700
[market] rollover → btc-updown-5m-1773174000
[market] rollover → btc-updown-5m-1773174300
[market] rollover → btc-updown-5m-1773174600
[market] rollover → btc-updown-5m-1773174900
[market] rollover → btc-updown-5m-1773175200
[market] rollover → btc-updown-5m-1773175500
[market] rollover → btc-updown-5m-1773175800
[market] rollover → btc-updown-5m-1773176100
[market] rollover → btc-updown-5m-1773176400
[market] rollover → btc-updown-5m-1773176700
[market] rollover → btc-updown-5m-1773177000
[market] rollover → btc-updown-5m-1773177300
[market] rollover → btc-updown-5m-1773177600
[market] rollover → btc-updown-5m-1773177900
[market] rollover → btc-updown-5m-1773178200
[market] rollover → btc-updown-5m-1773178500
[market] rollover → btc-updown-5m-1773178800
[market] rollover → btc-updown-5m-1773179100
[market] rollover → btc-updown-5m-1773179400
[market] rollover → btc-updown-5m-1773179700
[market] rollover → btc-updown-5m-1773180000
[market] rollover → btc-updown-5m-1773180300
[market] rollover → btc-updown-5m-1773180600
[market] rollover → btc-updown-5m-1773180900
[market] rollover → btc-updown-5m-1773181200
[market] rollover → btc-updown-5m-1773181500
[market] rollover → btc-updown-5m-1773181800
[market] rollover → btc-updown-5m-1773182100
[market] rollover → btc-updown-5m-1773182400
[market] rollover → btc-updown-5m-1773182700
[market] rollover → btc-updown-5m-1773183000
[market] rollover → btc-updown-5m-1773183300
[market] rollover → btc-updown-5m-1773183600
[market] rollover → btc-updown-5m-1773183900
[market] rollover → btc-updown-5m-1773184200
[market] rollover → btc-updown-5m-1773184500
[market] rollover → btc-updown-5m-1773184800
[market] rollover → btc-updown-5m-1773185100
[market] rollover → btc-updown-5m-1773185400
[market] rollover → btc-updown-5m-1773185700
[market] rollover → btc-updown-5m-1773186000
[market] rollover → btc-updown-5m-1773186300
[market] rollover → btc-updown-5m-1773186600
[market] rollover → btc-updown-5m-1773186900
[market] rollover → btc-updown-5m-1773187200
[market] rollover → btc-updown-5m-1773187500
[market] rollover → btc-updown-5m-1773187800
[market] rollover → btc-updown-5m-1773188100
[market] rollover → btc-updown-5m-1773188400
[market] rollover → btc-updown-5m-1773188700
[market] rollover → btc-updown-5m-1773189000
[market] rollover → btc-updown-5m-1773189300
[market] rollover → btc-updown-5m-1773189600
[market] rollover → btc-updown-5m-1773189900
[market] rollover → btc-updown-5m-1773190200
[market] rollover → btc-updown-5m-1773190500
[market] rollover → btc-updown-5m-1773190800
[market] rollover → btc-updown-5m-1773191100
